fitting 33 layers x ('white', 'cyan', 'blue')  [stride 2]
  iter 0  mae=1.9751  weighted_sse=75.3111  lam=0.0333
  iter 1  mae=1.9718  weighted_sse=74.6483  lam=0.0111
  iter 2  mae=1.9689  weighted_sse=74.5105  lam=0.0037
  iter 3  mae=1.9690  weighted_sse=74.4837  lam=0.00123
  iter 4  mae=1.9702  weighted_sse=74.4763  lam=0.000412
  iter 5  mae=1.9756  weighted_sse=74.3868  lam=0.000137
  iter 6  mae=1.9771  weighted_sse=74.3283  lam=4.57e-05
  iter 7  mae=1.9710  weighted_sse=74.0482  lam=1.52e-05
  iter 8  mae=1.9710  weighted_sse=74.0256  lam=3.05e-05
  iter 9  mae=1.9688  weighted_sse=74.0005  lam=1.02e-05
  iter 10  mae=1.9695  weighted_sse=73.9975  lam=2.03e-05
  iter 11  mae=1.9692  weighted_sse=73.9966  lam=6.77e-06
  iter 12  mae=1.9687  weighted_sse=73.8606  lam=8.13e-05
  iter 13  mae=1.9689  weighted_sse=73.8571  lam=2.71e-05
  iter 14  mae=1.9641  weighted_sse=73.7213  lam=5.42e-05
  iter 15  mae=1.9636  weighted_sse=73.6454  lam=0.000108
  iter 16  mae=1.9625  weighted_sse=73.6274  lam=3.61e-05
  iter 17  mae=1.9625  weighted_sse=73.6248  lam=7.23e-05
  iter 18  mae=1.9672  weighted_sse=73.5663  lam=0.0052
  iter 19  mae=1.9542  weighted_sse=73.0733  lam=0.00173
  iter 20  mae=1.9570  weighted_sse=72.8522  lam=0.0208
  iter 21  mae=1.9503  weighted_sse=72.7468  lam=0.00694
  iter 22  mae=1.9474  weighted_sse=72.6184  lam=0.0139
  iter 23  mae=1.9447  weighted_sse=72.5141  lam=0.0277
  iter 24  mae=1.9431  weighted_sse=72.4449  lam=0.0555
  iter 25  mae=1.9417  weighted_sse=72.4017  lam=0.111
  iter 26  mae=1.9408  weighted_sse=72.3793  lam=0.222
  iter 27  mae=1.9403  weighted_sse=72.3686  lam=0.444
  iter 28  mae=1.9401  weighted_sse=72.3639  lam=0.888
  iter 29  mae=1.9397  weighted_sse=72.3632  lam=0.296
  iter 30  mae=1.9395  weighted_sse=72.3599  lam=0.592
  iter 31  mae=1.9394  weighted_sse=72.3581  lam=1.18
  iter 32  mae=1.9393  weighted_sse=72.3573  lam=2.37
  iter 33  mae=1.9391  weighted_sse=72.3567  lam=0.789
analytic composite mae=1.9386
  field_base         white= 0.0019 cyan= 0.0062 blue= 0.0223 -> rgb[0.49, 1.98, 7.75]
  field_mid          white= 0.0000 cyan= 0.0817 blue= 0.0000 -> rgb[0.0, 19.59, 20.84]
  field_grad         white= 0.0078 cyan= 0.0122 blue= 0.0010 -> rgb[1.98, 4.9, 5.35]
  field_vert         white= 0.0031 cyan= 0.0040 blue= 0.0037 -> rgb[0.79, 1.75, 2.74]
  exterior           white= 0.0000 cyan= 0.0033 blue= 0.0056 -> rgb[0.0, 0.8, 2.28]
  exterior_top       white= 0.0034 cyan= 0.0000 blue= 0.0086 -> rgb[0.87, 0.87, 3.05]
  exterior_corner    white= 0.0018 cyan= 0.0053 blue= 0.0105 -> rgb[0.45, 1.72, 4.49]
  corner_in          white= 0.0042 cyan= 0.0200 blue= 0.0001 -> rgb[1.06, 5.86, 6.18]
  corner_in_top      white= 0.0127 cyan= 0.0175 blue= 0.0000 -> rgb[3.23, 7.42, 7.69]
  arc_haze           white= 0.0084 cyan= 0.0615 blue= 0.0000 -> rgb[2.16, 16.9, 17.84]
  arc_glow3          white= 0.0000 cyan= 0.2619 blue= 0.0000 -> rgb[0.0, 62.78, 66.79]
  arc_glow2          white= 0.0000 cyan= 0.4207 blue= 0.0088 -> rgb[0.0, 100.84, 109.51]
  arc_glow2b         white= 0.0073 cyan= 0.0732 blue= 0.0019 -> rgb[1.85, 19.4, 21.0]
  arc_glow1          white= 0.4588 cyan= 0.2476 blue= 0.0127 -> rgb[117.0, 176.35, 183.37]
  arc_glow1b         white= 0.0000 cyan= 0.2649 blue= 0.0338 -> rgb[0.0, 63.5, 76.18]
  flare_halo_far     white= 0.0170 cyan= 1.0000 blue= 0.0158 -> rgb[4.34, 244.04, 255.0]
  flare_halo         white= 1.0000 cyan= 0.0001 blue= 0.0001 -> rgb[255.0, 255.0, 255.0]
  flare_streak       white= 0.3377 cyan= 0.5928 blue= 0.0000 -> rgb[86.12, 228.21, 237.28]
  flare_spike        white= 0.1804 cyan= 0.2166 blue= 0.1811 -> rgb[46.01, 97.93, 147.43]
  flare_sat2         white= 0.0000 cyan= 0.0759 blue= 0.0104 -> rgb[0.0, 18.18, 22.0]
  flare_fan          white= 0.6545 cyan= 0.0000 blue= 0.1689 -> rgb[166.9, 166.9, 209.97]
  flare_ray_a        white= 0.0020 cyan= 0.2678 blue= 0.0510 -> rgb[0.52, 64.72, 81.81]
  flare_ray_b        white= 0.0000 cyan= 0.3482 blue= 0.2037 -> rgb[0.01, 83.47, 140.74]
  flare_ray_c        white= 0.0000 cyan= 0.0648 blue= 0.0873 -> rgb[0.0, 15.53, 38.79]
  flare_ray_d        white= 0.0174 cyan= 0.0638 blue= 0.0278 -> rgb[4.44, 19.74, 27.8]
  flare_ray_e        white= 0.2603 cyan= 0.1210 blue= 0.1431 -> rgb[66.38, 95.38, 133.73]
  flare_ray_up       white= 0.0002 cyan= 0.1037 blue= 0.0411 -> rgb[0.05, 24.91, 36.98]
  flare_ray_dn       white= 0.0000 cyan= 0.1841 blue= 0.0693 -> rgb[0.0, 44.13, 64.63]
  flare_ray_dl       white= 0.0000 cyan= 0.2616 blue= 0.1122 -> rgb[0.0, 62.71, 95.34]
  arc_core           white= 0.8310 cyan= 0.1948 blue= 0.0007 -> rgb[211.9, 255.0, 255.0]
  arc_core_wide      white= 0.3978 cyan= 0.4054 blue= 0.0478 -> rgb[101.45, 198.63, 217.01]
  frame_base         white= 0.0556 cyan= 0.0440 blue= 0.0155 -> rgb[14.17, 24.72, 29.34]
  frame_rim          white= 0.4328 cyan= 0.0311 blue= 0.0237 -> rgb[110.37, 117.83, 124.35]
updated /home/user/icon-vector-reconstruction/src/params.json
wrote /home/user/icon-vector-reconstruction/reconstruction.svg (85684 bytes)
wrote out/render_1024.png (326366 bytes, 1024x1024, resvg)
{
  "edge_iou": 0.6792346760749041,
  "mae": 2.0344244639078775,
  "mae_bright": 9.780244639974535,
  "mae_centre": 8.97482273686418,
  "mae_dark": 1.538372340528101,
  "mae_frame": 2.4796106481822875,
  "mae_gamma": 6.185167113947908,
  "mae_rest": 1.7987300369741526,
  "max_ch": 109.0,
  "mean_bias": -0.2562796274820964,
  "pct_gt2": 38.103580474853516,
  "pct_gt24": 0.7541656494140625,
  "pct_gt8": 5.777454376220703,
  "rmse": 4.184591089565786,
  "ssim": 0.9721804896335086
}
flare: radial profile about the measured core (530.95, 513.33)
      r      ref      rec     diff
    0-  6   240.78   242.45    +1.66
    6- 12   218.22   224.20    +5.98
   12- 20   195.94   200.54    +4.59
   20- 30   163.98   160.78    -3.20
   30- 45   124.15   119.16    -4.99
   45- 65    90.56    90.59    +0.03
   65- 90    86.53    85.89    -0.64
   90-130    61.34    62.27    +0.93
  130-180    42.59    43.68    +1.09
  180-250    28.53    28.77    +0.24
  ref peak lum 254.7 at (543, 514); >90% centroid (541.93, 513.34)
  rec peak lum 254.0 at (529, 514); >90% centroid (540.72, 514.55)
  horizontal cut through the core (y = 513):
     x:     380    410    440    470    500    530    560    590    620    650    680
   ref:    46.0   68.7  130.7  173.0  202.0  250.0  174.7   86.0   53.7   36.3   27.3
   rec:    49.7   81.7  128.7  195.3  176.0  252.3  167.7   88.3   51.3   32.3   20.7
  vertical cut through the core (x = 531):
     y:     390    415    440    465    490    515    540    565    590    615    640
   ref:    26.0   35.7   47.3   70.7  117.0  247.0  119.0   70.7   46.3   34.3   28.7
   rec:    30.0   37.3   48.3   67.0  121.0  249.7  108.7   62.7   47.0   38.3   31.3
  angular structure, mean lum minus the per-band median:
      band     0    30    60    90   120   150   180   210   240   270   300   330
  ref  30- 50 +18.2 +38.3 +42.6 -23.5 -20.9 +14.7 +19.3  -8.6 -17.9 +44.3 +29.2 +18.4
  rec  30- 50 +14.8 +22.7 +38.0 -28.8 -23.8 +14.8 +17.3 -17.2 -23.4 +44.2 +22.0 +18.5
  ref  50- 80  -3.3  +9.3 +52.3 -18.8  -9.7 +85.0 +83.7  -0.1 -14.2 +53.5  +5.7  -2.6
  rec  50- 80  -1.6  +3.4 +46.3 -23.8  -8.5 +79.3 +80.7  -2.4 -20.9 +51.6  +2.7  +0.4
  ref  80-120 -11.4  -2.2 +41.0 -19.2 +54.3 +42.2 +34.7 +57.4 -15.2 +44.3  -1.7 -10.0
  rec  80-120 -11.6  -2.9 +40.2 -19.2 +53.3 +31.8 +31.2 +57.4 -16.7 +43.1  -2.1 -10.7
  ref 120-180 -10.5  -2.8 +32.3  -7.8 +43.4  +6.6  +7.3 +44.3  -4.9 +36.2  -1.7  -9.5
  rec 120-180 -12.6  -3.3 +33.2  -7.5 +42.7  +7.7  +7.5 +43.6  -4.4 +34.4  -2.6 -12.3
  MAE within 110 px of the core: 7.452

lobes: mean luminance against inward distance from each curve
  left curve  (s < 0 = concave side, towards the nearer frame edge)
      t        -20    -40    -70   -110   -160   -220   -300
    -45 ref   27.3   18.7   12.7    8.8    9.7    6.9    9.6
        rec   23.3   17.0   12.0    9.7    7.7    8.3    7.7
        d     -4.0   -1.7   -0.7   +0.8   -2.0   +1.5   -1.9
    -25 ref   54.1   38.7   26.8   17.7   11.0    9.2    7.3
        rec   50.6   37.8   25.8   16.0    9.8    8.5    7.0
        d     -3.5   -0.9   -1.1   -1.7   -1.1   -0.7   -0.3
     -5 ref   97.8   68.7   41.2   25.0   18.0   11.3    7.6
        rec   85.3   65.9   44.7   26.6   17.7   11.0    6.7
        d    -12.5   -2.8   +3.5   +1.6   -0.3   -0.3   -0.9
    +15 ref   68.8   48.2   35.2   21.3   14.0    9.3    7.7
        rec   65.9   49.9   37.0   24.0   16.4   10.3    6.0
        d     -2.9   +1.8   +1.8   +2.7   +2.4   +1.0   -1.7
    +35 ref   42.6   31.4   22.4   12.7    9.8    7.3    6.3
        rec   40.7   28.6   19.0   12.3    9.3    8.0    6.0
        d     -1.9   -2.8   -3.4   -0.3   -0.5   +0.7   -0.3
  right curve  (s < 0 = concave side, towards the nearer frame edge)
      t        -20    -40    -70   -110   -160   -220   -300
    -45 ref   28.0   18.1   12.7    8.6    6.3    6.3    8.3
        rec   26.4   19.4   13.0    9.7    7.7    7.7    6.3
        d     -1.6   +1.3   +0.3   +1.1   +1.3   +1.3   -2.0
    -25 ref   55.2   36.0   27.3   18.5   12.3    7.7    6.3
        rec   52.3   39.7   27.1   17.5   11.3    8.8    6.3
        d     -2.9   +3.7   -0.3   -1.0   -1.0   +1.2   +0.0
     -5 ref  104.4   63.7   39.9   24.3   17.6   11.1    7.7
        rec   96.6   67.2   44.3   27.1   18.0   11.7    6.3
        d     -7.8   +3.6   +4.4   +2.8   +0.4   +0.5   -1.3
    +15 ref   65.2   48.0   33.7   22.9   15.7   11.1    7.3
        rec   64.2   49.4   34.7   23.0   15.6   10.7    6.0
        d     -1.0   +1.3   +1.0   +0.2   -0.1   -0.5   -1.3
    +35 ref   40.0   32.0   19.9   13.8    7.8    5.4    4.3
        rec   41.4   28.3   19.0   11.4    8.3    7.7    6.0
        d     +1.3   -3.7   -0.9   -2.4   +0.5   +2.3   +1.7
  left lobe (>25 px from the ridge): MAE 1.571, bias -0.072
  right lobe (>25 px from the ridge): MAE 1.461, bias -0.035
  colour in the lobes (mean rgb, same masks):
    left  ref ( 2.38,19.16,25.85)  rec ( 1.66,19.29,26.31)   G/B ref 0.741 rec 0.733
    right ref ( 2.02,13.81,20.10)  rec ( 1.14,13.77,20.54)   G/B ref 0.687 rec 0.671

profile: mean luminance against signed distance from the curve
  s < 0 concave (lobe) side, s > 0 convex (between the curves)
       s        n      ref      rec     diff     rel
   -300..-240    38108     7.48     7.46    -0.02    -0.3%
   -240..-190    44491     9.28     9.63    +0.35    +3.8%
   -190..-150    39134    10.94    10.92    -0.02    -0.2%
   -150..-115    34443    12.40    12.19    -0.21    -1.7%
   -115..-90     23401    14.02    13.73    -0.29    -2.1%
    -90..-70     19050    16.50    15.88    -0.62    -3.8%
    -70..-52     17681    19.78    18.46    -1.32    -6.7%
    -52..-38     14186    23.20    22.03    -1.17    -5.0%
    -38..-28     10425    26.27    26.11    -0.16    -0.6%
    -28..-20      8527    30.05    29.59    -0.46    -1.5%
    -20..-14      6506    33.86    34.67    +0.82    +2.4%
    -14..-9       5500    41.56    44.25    +2.70    +6.5%
      9..14       5858    26.39    23.39    -3.00   -11.4%
     14..20       7157    19.44    18.94    -0.50    -2.6%
     20..28       9713    16.38    16.50    +0.12    +0.7%
     28..38      12500    13.44    13.83    +0.39    +2.9%
     38..52      18168    11.71    11.22    -0.49    -4.2%
     52..70      23755     9.49     9.13    -0.36    -3.8%
     70..90      23911     7.63     7.38    -0.25    -3.2%
     90..115     23127     6.26     6.18    -0.08    -1.2%
    115..150     21618     6.38     6.27    -0.11    -1.7%
  rms relative error over the bins: 4.1%

  the same profile by along-curve band (relative error, |t| in degrees):
       s          0-22    22-40    40-54    54-66
   -300..-240     +0.6%    -2.5%    -0.8%    +2.4%
   -240..-190     +2.6%    +4.0%    +6.8%    +4.0%
   -190..-150     +0.9%    -2.5%    +3.5%    -1.0%
   -150..-115     +1.8%    -7.2%    +5.1%    -1.6%
   -115..-90      +4.8%    -5.2%    -0.3%    -0.9%
    -90..-70      +3.0%    -3.9%    -6.2%    -5.0%
    -70..-52      +2.7%    -5.1%   -10.5%   -10.7%
    -52..-38      +2.5%    -3.7%    -8.0%    -7.7%
    -38..-28          .    +0.1%    -2.5%    -1.4%
    -28..-20          .    -2.5%    -1.1%    +1.2%
    -20..-14          .    +0.9%    +3.8%    +6.8%
    -14..-9           .    +4.7%    +7.9%   +13.7%
      9..14           .    -9.1%   -16.5%    -5.9%
     14..20           .    +0.4%    -7.8%    -1.3%
     20..28           .    +7.3%    -8.4%    +0.1%
     28..38           .    +9.6%    -6.1%    +2.6%
     38..52           .    -4.7%    -6.8%    +3.3%
     52..70       +4.1%    -3.8%    -8.1%    +4.6%
     70..90           .    -1.9%    -7.9%    +8.9%
     90..115          .    +2.4%    -3.8%    +5.1%
    115..150          .    -1.1%    -2.1%        .
  rms relative error over the 71 cells: 5.6%

  interior corners, by distance inside the frame:
     d_frame  half       n      ref      rec      rel
     12..45   top       11469    13.72    13.73    +0.1%
     12..45   bottom    11754     8.34     8.22    -1.5%
     45..100  top       21230    12.26    11.37    -7.3%
     45..100  bottom    22364     6.80     6.03   -11.2%
    100..170  top       24252     9.80     9.20    -6.2%
    100..170  bottom    24710     6.87     6.27    -8.6%
  rms relative error over the corner cells: 7.0%

flare streak comb: thin-line amplitude above a 21-px median envelope
   dy             west far          west near          east near           east far
              ref      rec       ref      rec       ref      rec       ref      rec
  -12      -0.19      0.00     0.00      0.00     0.00      0.00    -0.06      0.00
  -11       0.17      0.00     0.00      0.00     0.00      0.00     0.00      0.00
  -10      -0.05      0.01     0.00      0.00     0.00      0.00     0.00      0.00
   -9      -0.12     -0.01     0.00      0.00     0.00      0.00     0.00      0.00
   -8       0.00     -0.00     0.00      0.00     0.00      0.00     0.00      0.00
   -7       0.00      0.01     0.00      0.00     0.00      0.00     0.00      0.00
   -6       0.00     -0.01     0.00      0.00     2.22      0.00     0.00      0.00
   -5       0.00      0.00     0.00      0.00     3.00      0.00     0.04      0.00
   -4       1.24      0.71     0.00      1.19     2.45      0.00     0.19      0.00
   -3       3.26      3.26     2.01     10.49     7.38      0.25     0.66      0.00
   -2       4.77      7.99    18.29     28.93    13.69      2.22     0.94      0.17
   -1       8.45     10.36    32.21     38.73    14.87      2.83     2.32      0.17
   +0       7.54     10.95    33.54     41.23     8.33      3.32     2.07      0.16 <
   +1       6.07     10.36    26.45     38.85     4.01      3.11     1.73      0.17
   +2       4.29      7.99    17.07     29.25     0.00      1.99     1.26      0.17
   +3       2.66      3.25     9.05     10.11    -2.97      0.00     0.72      0.01
   +4       1.33      0.70     3.92      0.00    -3.01     -0.99     0.12      0.01
   +5       0.44      0.00     1.61     -2.15     1.67      0.11     0.00      0.01
   +6      -0.46      0.00     2.61      0.62    12.48      4.24     0.00     -0.00
   +7      -1.10     -0.02     0.00      1.45    14.59      5.23    -0.18      0.00 <
   +8      -1.63     -0.01     0.00      2.56     0.41      4.14    -0.49     -0.01
   +9      -2.16     -0.03     0.00      0.00    -0.57      1.56    -0.56     -0.01
  +10      -2.43     -0.02     0.00      0.00     0.57      0.00    -0.32     -0.00
  +11      -1.73     -0.03     0.00      0.00     0.00      0.00    -0.15     -0.01
  +12      -1.14     -0.03     0.00      0.00    -0.37      0.00    -0.36     -0.03
  +13      -0.56     -0.05     0.00      0.00     0.37      0.00    -0.24     -0.05
  +14       0.00     -0.05     0.00      0.00    -0.17      0.00    -0.19     -0.06
  +15       0.60     -0.05     0.00      0.00    -0.75      0.00    -0.32     -0.06
  +16       1.12     -0.08     0.00      0.00    -0.27      0.00     0.32     -0.04
  +17       1.89      0.26     0.00      0.00     0.37      0.00     1.19      0.31
  +18       2.91      0.55     0.00      0.00     0.67      0.00     1.97      0.64
  +19       2.73      0.68     0.00      0.00     0.15      0.00     2.28      0.79 <
  +20       2.04      0.66     0.00      0.00     0.00      0.00     1.80      0.77
  +21       1.12      0.51     0.00      0.00     0.00      0.00     0.90      0.58
  +22       0.54      0.18     0.00      0.00     0.00      0.00     0.34      0.17
  +23       0.00     -0.01     0.00      0.00     0.00      0.00     0.00      0.00
  +24       0.00      0.01     0.00      0.00     0.00      0.00     0.00     -0.00
  +25       0.00      0.00     0.00      0.00     0.00      0.00    -0.14      0.00
  +26      -0.10      0.00     0.00      0.00     0.00      0.00    -0.27      0.00
  rms error on the comb's own rows (dy 0, +7, +19): 4.33 code values

flare spokes: thin-component mean by 3-degree sector, r 28-110, arcs masked
  the reference's clean maxima are the spokes; median background -0.32
    deg     ref     rec   diff
      0    5.99    1.28  -4.70  #####################################
      3    0.58    0.03  -0.56  #####
     42    0.98   -1.21  -2.19  #######
     45    0.34    2.73  +2.38  ###
     54    0.40   -1.29  -1.69  ####
     90    2.45    1.93  -0.52  ################
     93    0.33    0.27  -0.06  ###
    108    1.26    1.35  +0.08  #########
    111    1.71    8.37  +6.66  ############
    114    1.11    0.21  -0.89  ########
    177   11.29   14.05  +2.76  #####################################################################
    180    9.50   18.27  +8.77  ##########################################################
    189    0.91    0.50  -0.41  #######
    222    1.03    3.00  +1.97  ########
    225    0.84    1.53  +0.69  ######
    228    0.75   -0.92  -1.67  ######
    246    1.13   10.91  +9.78  ########
    249    1.60    0.74  -0.86  ###########
    264    1.86    3.07  +1.21  #############
    267    1.43   -2.51  -3.93  ##########
    327    3.49    1.03  -2.46  ######################
    330    1.61   -0.84  -2.45  ###########
    348    0.66    1.02  +0.36  #####
    351    1.07    1.08  +0.01  ########
    354    0.30    0.26  -0.04  ###
  rms error over the reference's own spoke sectors: 3.46 code values

wrote crops to /home/user/icon-vector-reconstruction/out (reference | render | signed difference x6)
wrote out/diagnostics.json
