optimising 65 parameters (shapes), stride=4
sweep 1/2
  start sse=0.000279088 mae=2.2537
  end   sse=0.000278501 mae=2.2484  (2 accepted moves, 158 renders)
sweep 2/2
  start sse=0.00027825 mae=2.2467
  end   sse=0.00027825 mae=2.2467  (0 accepted moves, 292 renders)
final: sse=0.000276289 mae=2.2307  (414.6s, 293 renders)
wrote /home/user/icon-vector-reconstruction/src/params.json
optimising 18 parameters (tapers), stride=4
sweep 1/2
  start sse=0.000278204 mae=2.2470
  end   sse=0.000278204 mae=2.2470  (0 accepted moves, 61 renders)
sweep 2/2
  start sse=0.00027816 mae=2.2475
  end   sse=0.00027816 mae=2.2475  (0 accepted moves, 101 renders)
final: sse=0.000276276 mae=2.2311  (311.6s, 102 renders)
wrote /home/user/icon-vector-reconstruction/src/params.json
optimising 10 parameters (geometry), stride=4
sweep 1/1
  start sse=0.000278184 mae=2.2473
  end   sse=0.000277651 mae=2.2462  (1 accepted moves, 232 renders)
final: sse=0.000275937 mae=2.2304  (264.2s, 232 renders)
wrote /home/user/icon-vector-reconstruction/src/params.json
optimising 4 parameters (field), stride=4
sweep 1/1
  start sse=0.000277678 mae=2.2460
  end   sse=0.000277678 mae=2.2460  (0 accepted moves, 29 renders)
final: sse=0.000275932 mae=2.2307  (176.9s, 30 renders)
wrote /home/user/icon-vector-reconstruction/src/params.json
optimising 65 parameters (shapes), stride=3
sweep 1/1
  start sse=0.000275461 mae=2.2312
  end   sse=0.000275461 mae=2.2312  (0 accepted moves, 155 renders)
final: sse=0.000275934 mae=2.2308  (339.7s, 156 renders)
wrote /home/user/icon-vector-reconstruction/src/params.json
fitting 22 layers x ('white', 'cyan', 'blue')  [stride 2]
  iter 0  mae=2.2300  weighted_sse=72.0706  lam=0.0333
  iter 1  mae=2.2298  weighted_sse=72.0674  lam=0.0667
  iter 2  mae=2.2301  weighted_sse=72.0604  lam=0.133
  iter 3  mae=2.2304  weighted_sse=72.0561  lam=0.267
  iter 4  mae=2.2306  weighted_sse=72.0541  lam=0.533
  iter 5  mae=2.2308  weighted_sse=72.0533  lam=1.07
  iter 6  mae=2.2306  weighted_sse=72.0531  lam=0.356
  iter 7  mae=2.2307  weighted_sse=72.0523  lam=0.711
  iter 8  mae=2.2308  weighted_sse=72.052  lam=1.42
  iter 9  mae=2.2307  weighted_sse=72.0519  lam=0.474
  iter 10  mae=2.2308  weighted_sse=72.0514  lam=0.948
  iter 11  mae=2.2309  weighted_sse=72.0512  lam=1.9
  iter 12  mae=2.2307  weighted_sse=72.0511  lam=0.632
  iter 13  mae=2.2308  weighted_sse=72.0509  lam=1.26
  iter 14  mae=2.2308  weighted_sse=72.0509  lam=0.421
  iter 15  mae=2.2308  weighted_sse=72.0507  lam=0.843
  iter 16  mae=2.2308  weighted_sse=72.0505  lam=1.69
  iter 17  mae=2.2307  weighted_sse=72.0505  lam=0.562
  iter 18  mae=2.2308  weighted_sse=72.0502  lam=1.12
  iter 19  mae=2.2309  weighted_sse=72.0501  lam=2.25
  iter 20  mae=2.2308  weighted_sse=72.0501  lam=0.749
  iter 21  mae=2.2308  weighted_sse=72.0499  lam=1.5
  iter 22  mae=2.2309  weighted_sse=72.0498  lam=3
  iter 23  mae=2.2308  weighted_sse=72.0498  lam=0.999
  iter 24  mae=2.2309  weighted_sse=72.0497  lam=2
  iter 25  mae=2.2308  weighted_sse=72.0497  lam=0.666
  iter 26  mae=2.2308  weighted_sse=72.0495  lam=1.33
  iter 27  mae=2.2309  weighted_sse=72.0494  lam=2.66
  iter 28  mae=2.2308  weighted_sse=72.0494  lam=0.888
  iter 29  mae=2.2309  weighted_sse=72.0493  lam=1.78
analytic composite mae=2.2317
  field_base         white= 0.0014 cyan= 0.0121 blue= 0.0224 -> rgb[0.36, 3.26, 9.16]
  field_mid          white= 0.0019 cyan= 0.0736 blue= 0.0000 -> rgb[0.49, 18.14, 19.26]
  field_grad         white= 0.0110 cyan= 0.0235 blue= 0.0000 -> rgb[2.81, 8.44, 8.8]
  field_vert         white= 0.0067 cyan= 0.0078 blue= 0.0042 -> rgb[1.7, 3.57, 4.76]
  exterior           white= 0.0003 cyan= 0.0030 blue= 0.0054 -> rgb[0.08, 0.8, 2.23]
  exterior_top       white= 0.0030 cyan= 0.0000 blue= 0.0083 -> rgb[0.77, 0.77, 2.89]
  exterior_corner    white= 0.0018 cyan= 0.0058 blue= 0.0114 -> rgb[0.45, 1.85, 4.84]
  arc_glow3          white= 0.0029 cyan= 0.2176 blue= 0.0000 -> rgb[0.73, 52.88, 56.21]
  arc_glow2          white= 0.0000 cyan= 0.6226 blue= 0.0000 -> rgb[0.0, 149.24, 158.77]
  arc_glow1          white= 0.3168 cyan= 0.5447 blue= 0.0184 -> rgb[80.78, 211.34, 224.37]
  flare_bloom_cyan   white= 0.0000 cyan= 0.3683 blue= 0.0479 -> rgb[0.0, 88.28, 106.13]
  flare_bloom_pale   white= 0.4469 cyan= 0.2427 blue= 0.0394 -> rgb[113.97, 172.16, 185.91]
  flare_streak_cyan  white= 0.0204 cyan= 0.2995 blue= 0.0000 -> rgb[5.21, 77.0, 81.58]
  flare_streak_white white= 0.1700 cyan= 0.0000 blue= 0.0000 -> rgb[43.34, 43.34, 43.34]
  flare_ray_dr       white= 0.0017 cyan= 0.0093 blue= 0.0000 -> rgb[0.44, 2.66, 2.81]
  flare_ray_ur       white= 0.0282 cyan= 0.0295 blue= 0.0000 -> rgb[7.18, 14.27, 14.72]
  flare_ray_ul       white= 0.0475 cyan= 0.0245 blue= 0.0087 -> rgb[12.12, 18.01, 20.59]
  arc_core           white= 0.8628 cyan= 0.1399 blue= 0.0004 -> rgb[220.0, 253.52, 255.0]
  arc_core_wide      white= 0.3919 cyan= 0.0704 blue= 0.0308 -> rgb[99.93, 116.81, 125.74]
  flare_glint        white= 0.9005 cyan= 0.0997 blue= 0.0000 -> rgb[229.63, 253.52, 255.0]
  frame_base         white= 0.0454 cyan= 0.0436 blue= 0.0138 -> rgb[11.58, 22.04, 26.24]
  frame_rim          white= 0.4464 cyan= 0.0322 blue= 0.0254 -> rgb[113.84, 121.55, 128.52]
updated /home/user/icon-vector-reconstruction/src/params.json
wrote /home/user/icon-vector-reconstruction/reconstruction.svg (53461 bytes)
wrote out/render_1024.png (285651 bytes, 1024x1024, resvg)
{
  "edge_iou": 0.6710316129922891,
  "mae": 2.259873072306315,
  "mae_bright": 10.091126116908805,
  "mae_centre": 9.801019672603834,
  "mae_dark": 1.7514293491038246,
  "mae_frame": 2.6350564117690434,
  "mae_gamma": 6.356522021129322,
  "mae_rest": 2.014877284310261,
  "max_ch": 112.0,
  "mean_bias": -0.5676212310791016,
  "pct_gt2": 43.917179107666016,
  "pct_gt24": 0.859832763671875,
  "pct_gt8": 6.620311737060547,
  "rmse": 4.453278120654207,
  "ssim": 0.9663698123037112
}
wrote previews to /home/user/icon-vector-reconstruction/out
