flare_streak: centred on 529.95, half_len 300, e-folding 90.0/45.0 px west/east, east_gain 1.000
flare_ray_e: height 22.0 (bounds [4.0, 55.0]), spread 3.2 (bounds [1.0, 6.0])
PASS flare-dependent layers are discovered from the builder  -- found ['flare_halo_far', 'flare_halo', 'flare_streak', 'flare_spike', 'flare_sat2', 'flare_fan', 'flare_ray_a', 'flare_ray_b', 'flare_ray_c', 'flare_ray_d', 'flare_ray_e', 'flare_ray_up', 'flare_ray_dn', 'flare_ray_dl']
PASS flare/cx declares every dependent layer  -- declared ['flare_fan', 'flare_halo', 'flare_halo_far', 'flare_ray_a', 'flare_ray_b', 'flare_ray_c', 'flare_ray_d', 'flare_ray_dl', 'flare_ray_dn', 'flare_ray_e', 'flare_ray_up', 'flare_sat2', 'flare_spike', 'flare_streak']
PASS moving flare/cx by 6 px moves every dependent layer  -- moved: flare_halo_far(dx=+6.00), flare_halo(dx=+6.00), flare_streak(dx=+6.00), flare_spike(dx=+6.00), flare_sat2(dx=+6.00), flare_fan(dx=+6.00), flare_ray_a(dx=+6.00), flare_ray_b(dx=+6.00), flare_ray_c(dx=+6.00), flare_ray_d(dx=+6.00), flare_ray_e(dx=+6.00), flare_ray_up(dx=+6.00), flare_ray_dn(dx=+6.00), flare_ray_dl(dx=+6.00)
PASS content-addressed cache re-renders without an explicit invalidate  -- max delta 0.2078
PASS every search interval contains the current value  -- out of range: []
PASS radial gradient centres stored under paint/ are optimisable  -- missing: []
PASS anisotropic blur components are optimisable  -- artwork missing [] (0 list-valued layers); probe missing []; per-component intervals kept
PASS the regression check scores the same objective fit() minimises  -- check 363.55243 vs fit 363.55243
PASS the fitting weight equalises the profile cells and lifts the flare  -- 222 cells {'comb': 60, 'sector': 90, 'profile': 66, 'corner': 6} (84163 px in the outermost along-curve band), cost of a 1% error spread 4.57x (was 51.23x un-emphasised), region lift 1.24x, interior corners 100% covered, flare 1.66x
PASS the analytic gradient matches the objective, clipped colours included  -- worst relative error 0.0000 at arc_glow1/blue
PASS every layer the docs name exists in params.json  -- 13 named, unknown: none
PASS the deliverable's layer count and size are generated, not prose  -- markers present: True; states 34 layers, params.json has 34
PASS objective composite matches the rebuilt SVG render  -- MAE 0.5598 code values
PASS the lobe banding stays within the reference-calibrated target  -- coherent band-pass 1.86x of the reference (max 2.00, two-sided); profile error interior 4.26% (max 5.00), ridge 4.42% (max 5.00)

all checks passed
fitting 34 layers x ('white', 'cyan', 'blue')  [stride 2]
  iter 0  mae=1.9054  weighted_sse=70.2148  lam=0.0333
  iter 1  mae=1.9033  weighted_sse=69.8261  lam=0.0111
  iter 2  mae=1.9072  weighted_sse=69.3893  lam=0.0037
  iter 3  mae=1.8983  weighted_sse=67.7021  lam=0.00123
  iter 4  mae=1.9035  weighted_sse=66.9  lam=0.000412
  iter 5  mae=1.9057  weighted_sse=66.8657  lam=0.000137
  iter 6  mae=1.9065  weighted_sse=66.8581  lam=4.57e-05
  iter 7  mae=1.9069  weighted_sse=66.8503  lam=0.00329
  iter 8  mae=1.8978  weighted_sse=66.1144  lam=0.0011
  iter 9  mae=1.8980  weighted_sse=66.114  lam=0.000366
  iter 10  mae=1.9004  weighted_sse=65.951  lam=0.0263
  iter 11  mae=1.8945  weighted_sse=65.7307  lam=0.00878
  iter 12  mae=1.8922  weighted_sse=65.5809  lam=0.0176
  iter 13  mae=1.8906  weighted_sse=65.4798  lam=0.0351
  iter 14  mae=1.8897  weighted_sse=65.4143  lam=0.0702
  iter 15  mae=1.8891  weighted_sse=65.3767  lam=0.14
  iter 16  mae=1.8889  weighted_sse=65.3579  lam=0.281
  iter 17  mae=1.8888  weighted_sse=65.3492  lam=0.562
  iter 18  mae=1.8884  weighted_sse=65.3472  lam=0.187
  iter 19  mae=1.8883  weighted_sse=65.3409  lam=0.375
  iter 20  mae=1.8884  weighted_sse=65.3376  lam=0.749
  iter 21  mae=1.8881  weighted_sse=65.3376  lam=0.25
  iter 22  mae=1.8884  weighted_sse=65.3361  lam=0.499
  iter 23  mae=1.8884  weighted_sse=65.3332  lam=0.999
  iter 24  mae=1.8881  weighted_sse=65.3324  lam=0.333
  iter 25  mae=1.8881  weighted_sse=65.3302  lam=0.666
analytic composite mae=1.8875
  field_base         white= 0.0018 cyan= 0.0056 blue= 0.0224 -> rgb[0.45, 1.8, 7.6]
  field_mid          white= 0.0000 cyan= 0.0690 blue= 0.0000 -> rgb[0.0, 16.55, 17.6]
  field_grad         white= 0.0076 cyan= 0.0112 blue= 0.0013 -> rgb[1.95, 4.62, 5.12]
  field_vert         white= 0.0034 cyan= 0.0052 blue= 0.0037 -> rgb[0.88, 2.12, 3.13]
  exterior           white= 0.0000 cyan= 0.0033 blue= 0.0056 -> rgb[0.01, 0.8, 2.3]
  exterior_top       white= 0.0034 cyan= 0.0000 blue= 0.0085 -> rgb[0.86, 0.86, 3.03]
  exterior_corner    white= 0.0018 cyan= 0.0053 blue= 0.0106 -> rgb[0.45, 1.72, 4.49]
  corner_in          white= 0.0047 cyan= 0.0210 blue= 0.0000 -> rgb[1.19, 6.21, 6.54]
  corner_in_top      white= 0.0112 cyan= 0.0124 blue= 0.0000 -> rgb[2.85, 5.84, 6.03]
  arc_haze           white= 0.0089 cyan= 0.0732 blue= 0.0000 -> rgb[2.28, 19.82, 20.94]
  arc_glow3          white= 0.0000 cyan= 0.2608 blue= 0.0000 -> rgb[0.0, 62.51, 66.5]
  arc_glow2          white= 0.0000 cyan= 0.3663 blue= 0.0052 -> rgb[0.0, 87.81, 94.74]
  arc_glow2b         white= 0.0075 cyan= 0.0802 blue= 0.0002 -> rgb[1.92, 21.14, 22.42]
  arc_glow1          white= 0.4653 cyan= 0.1815 blue= 0.0375 -> rgb[118.66, 162.16, 174.5]
  arc_glow1b         white= 0.0000 cyan= 0.2785 blue= 0.0343 -> rgb[0.0, 66.76, 79.76]
  arc_glow1c         white= 0.0000 cyan= 0.0611 blue= 0.0000 -> rgb[0.0, 14.64, 15.58]
  flare_halo_far     white= 0.0000 cyan= 0.9022 blue= 0.0748 -> rgb[0.0, 216.26, 249.13]
  flare_halo         white= 1.0000 cyan= 0.0000 blue= 0.0000 -> rgb[255.0, 255.0, 255.0]
  flare_streak       white= 0.2347 cyan= 0.3780 blue= 0.0000 -> rgb[59.85, 150.47, 156.25]
  flare_spike        white= 0.3699 cyan= 0.3477 blue= 0.1546 -> rgb[94.33, 177.68, 222.43]
  flare_sat2         white= 0.0142 cyan= 0.0552 blue= 0.0012 -> rgb[3.62, 16.85, 17.99]
  flare_fan          white= 0.6467 cyan= 0.0000 blue= 0.0000 -> rgb[164.92, 164.92, 164.92]
  flare_ray_a        white= 0.0000 cyan= 0.4676 blue= 0.0320 -> rgb[0.0, 112.09, 127.41]
  flare_ray_b        white= 0.0000 cyan= 0.6575 blue= 0.2777 -> rgb[0.0, 157.61, 238.49]
  flare_ray_c        white= 0.0482 cyan= 0.0039 blue= 0.0413 -> rgb[12.29, 13.24, 23.82]
  flare_ray_d        white= 0.0200 cyan= 0.0629 blue= 0.0223 -> rgb[5.1, 20.19, 26.83]
  flare_ray_e        white= 0.0609 cyan= 0.0000 blue= 0.0743 -> rgb[15.54, 15.54, 34.48]
  flare_ray_up       white= 0.0000 cyan= 0.1224 blue= 0.0057 -> rgb[0.0, 29.33, 32.67]
  flare_ray_dn       white= 0.0000 cyan= 0.2277 blue= 0.0125 -> rgb[0.0, 54.58, 61.26]
  flare_ray_dl       white= 0.0000 cyan= 0.2646 blue= 0.0250 -> rgb[0.0, 63.43, 73.85]
  arc_core           white= 0.8274 cyan= 0.1836 blue= 0.0000 -> rgb[210.98, 255.0, 255.0]
  arc_core_wide      white= 0.3986 cyan= 0.4131 blue= 0.0470 -> rgb[101.65, 200.67, 218.97]
  frame_base         white= 0.0556 cyan= 0.0441 blue= 0.0155 -> rgb[14.18, 24.76, 29.39]
  frame_rim          white= 0.4326 cyan= 0.0310 blue= 0.0236 -> rgb[110.33, 117.76, 124.26]
updated /home/user/icon-vector-reconstruction/src/params.json
optimising 74 parameters (shapes only flare), stride=3
sweep 1/1
  start sse=0.000219913 mae=1.8820
  end   sse=0.000217997 mae=1.8759  (6 accepted moves, 195 renders)
final: sse=0.000286288 mae=1.8867  (1691.4s, 196 renders)
wrote /home/user/icon-vector-reconstruction/src/params.json
wrote /home/user/icon-vector-reconstruction/reconstruction.svg (93865 bytes)
wrote out/render_1024.png (326708 bytes, 1024x1024, resvg)
{
  "edge_iou": 0.6849788780823264,
  "mae": 1.9794448216756184,
  "mae_bright": 9.749698747243253,
  "mae_centre": 8.310174445274512,
  "mae_dark": 1.4944442837531455,
  "mae_frame": 2.4757761227048154,
  "mae_gamma": 6.209948189679291,
  "mae_rest": 1.755224717809935,
  "max_ch": 112.0,
  "mean_bias": -0.21935240427652994,
  "pct_gt2": 37.19520568847656,
  "pct_gt24": 0.6778717041015625,
  "pct_gt8": 5.395412445068359,
  "rmse": 4.091708812509512,
  "ssim": 0.9723969875496491
}
flare: radial profile about the measured core (530.95, 513.33)
      r      ref      rec     diff
    0-  6   240.78   244.71    +3.93
    6- 12   218.22   225.55    +7.33
   12- 20   195.94   201.42    +5.48
   20- 30   163.98   162.67    -1.31
   30- 45   124.15   120.96    -3.19
   45- 65    90.56    91.60    +1.04
   65- 90    86.53    86.50    -0.02
   90-130    61.34    62.16    +0.82
  130-180    42.59    43.00    +0.41
  180-250    28.53    28.40    -0.13
  ref peak lum 254.7 at (543, 514); >90% centroid (541.93, 513.34)
  rec peak lum 254.3 at (529, 514); >90% centroid (539.97, 514.49)
  horizontal cut through the core (y = 513):
     x:     380    410    440    470    500    530    560    590    620    650    680
   ref:    46.0   68.7  130.7  173.0  202.0  250.0  174.7   86.0   53.7   36.3   27.3
   rec:    55.3   80.0  115.3  156.7  187.3  253.3  177.0   94.0   53.7   32.0   21.3
  vertical cut through the core (x = 531):
     y:     390    415    440    465    490    515    540    565    590    615    640
   ref:    26.0   35.7   47.3   70.7  117.0  247.0  119.0   70.7   46.3   34.3   28.7
   rec:    28.7   36.7   48.3   66.7  124.7  251.7  110.3   63.0   46.0   37.0   29.0
  angular structure, mean lum minus the per-band median:
      band     0    30    60    90   120   150   180   210   240   270   300   330
  ref  30- 50 +18.2 +38.3 +42.6 -23.5 -20.9 +14.7 +19.3  -8.6 -17.9 +44.3 +29.2 +18.4
  rec  30- 50 +15.4 +24.2 +39.4 -26.4 -22.8 +10.9 +18.7 -15.1 -18.7 +43.9 +22.6 +19.4
  ref  50- 80  -3.3  +9.3 +52.3 -18.8  -9.7 +85.0 +83.7  -0.1 -14.2 +53.5  +5.7  -2.6
  rec  50- 80  -2.1  +5.2 +47.0 -22.2  -8.5 +76.2 +79.8  -2.0 -18.4 +51.2  +2.5  -0.1
  ref  80-120 -11.4  -2.2 +41.0 -19.2 +54.3 +42.2 +34.7 +57.4 -15.2 +44.3  -1.7 -10.0
  rec  80-120 -11.4  -2.4 +40.5 -18.4 +53.3 +31.2 +31.6 +57.3 -16.2 +42.6  -2.7 -10.8
  ref 120-180 -10.5  -2.8 +32.3  -7.8 +43.4  +6.6  +7.3 +44.3  -4.9 +36.2  -1.7  -9.5
  rec 120-180 -11.8  -2.8 +33.5  -7.3 +43.2  +8.4  +8.3 +43.7  -4.8 +34.3  -2.5 -11.4
  MAE within 110 px of the core: 7.030

lobes: mean luminance against inward distance from each curve
  left curve  (s < 0 = concave side, towards the nearer frame edge)
      t        -20    -40    -70   -110   -160   -220   -300
    -45 ref   27.3   18.7   12.7    8.8    9.7    6.9    9.6
        rec   24.5   17.6   12.3   10.0    7.7    8.0    8.7
        d     -2.8   -1.0   -0.4   +1.2   -2.0   +1.2   -0.9
    -25 ref   54.1   38.7   26.8   17.7   11.0    9.2    7.3
        rec   50.7   36.6   25.8   15.7    9.8    8.7    7.3
        d     -3.4   -2.0   -1.0   -2.0   -1.1   -0.4   +0.0
     -5 ref   97.8   68.7   41.2   25.0   18.0   11.3    7.6
        rec   86.4   65.4   45.3   25.9   17.3   11.7    6.0
        d    -11.4   -3.3   +4.2   +0.9   -0.6   +0.3   -1.6
    +15 ref   68.8   48.2   35.2   21.3   14.0    9.3    7.7
        rec   65.6   48.3   36.6   23.3   16.4   10.7    6.0
        d     -3.1   +0.1   +1.4   +1.9   +2.4   +1.3   -1.7
    +35 ref   42.6   31.4   22.4   12.7    9.8    7.3    6.3
        rec   42.0   27.8   18.8   13.3    9.1    7.7    5.7
        d     -0.6   -3.6   -3.5   +0.7   -0.7   +0.3   -0.7
  right curve  (s < 0 = concave side, towards the nearer frame edge)
      t        -20    -40    -70   -110   -160   -220   -300
    -45 ref   28.0   18.1   12.7    8.6    6.3    6.3    8.3
        rec   27.5   19.4   13.3   10.0    7.7    7.7    6.3
        d     -0.4   +1.3   +0.6   +1.4   +1.3   +1.3   -2.0
    -25 ref   55.2   36.0   27.3   18.5   12.3    7.7    6.3
        rec   52.7   38.4   27.4   16.9   11.3    9.0    6.7
        d     -2.5   +2.4   +0.0   -1.6   -1.0   +1.3   +0.3
     -5 ref  104.4   63.7   39.9   24.3   17.6   11.1    7.7
        rec   94.4   70.8   45.2   27.4   17.0   11.3    6.0
        d    -10.0   +7.1   +5.2   +3.1   -0.6   +0.2   -1.7
    +15 ref   65.2   48.0   33.7   22.9   15.7   11.1    7.3
        rec   63.8   47.0   34.5   22.3   15.6   10.4    6.0
        d     -1.4   -1.0   +0.8   -0.6   -0.1   -0.7   -1.3
    +35 ref   40.0   32.0   19.9   13.8    7.8    5.4    4.3
        rec   42.0   28.5   18.9   12.4    8.7    7.7    5.4
        d     +2.0   -3.5   -1.0   -1.4   +0.8   +2.3   +1.0
  left lobe (>25 px from the ridge): MAE 1.516, bias -0.117
  right lobe (>25 px from the ridge): MAE 1.474, bias -0.043
  colour in the lobes (mean rgb, same masks):
    left  ref ( 2.38,19.16,25.85)  rec ( 1.73,19.14,26.19)   G/B ref 0.741 rec 0.731
    right ref ( 2.02,13.81,20.10)  rec ( 1.10,13.77,20.58)   G/B ref 0.687 rec 0.669

profile: mean luminance against signed distance from the curve
  s < 0 concave (lobe) side, s > 0 convex (between the curves)
       s        n      ref      rec     diff     rel
   -300..-240    38108     7.48     7.51    +0.03    +0.3%
   -240..-190    44491     9.28     9.72    +0.44    +4.7%
   -190..-150    39134    10.94    10.98    +0.04    +0.4%
   -150..-115    34443    12.40    12.25    -0.16    -1.3%
   -115..-90     23401    14.02    13.78    -0.24    -1.7%
    -90..-70     19050    16.50    15.94    -0.55    -3.4%
    -70..-52     17681    19.78    18.50    -1.28    -6.5%
    -52..-38     14186    23.20    21.87    -1.33    -5.7%
    -38..-28     10425    26.27    25.88    -0.39    -1.5%
    -28..-20      8527    30.05    30.04    -0.00    -0.0%
    -20..-14      6506    33.86    35.99    +2.13    +6.3%
    -14..-9       5500    41.56    45.61    +4.06    +9.8%
      9..14       5858    26.39    23.35    -3.04   -11.5%
     14..20       7157    19.44    18.65    -0.78    -4.0%
     20..28       9713    16.38    16.44    +0.07    +0.4%
     28..38      12500    13.44    13.93    +0.49    +3.6%
     38..52      18168    11.71    11.37    -0.35    -3.0%
     52..70      23755     9.49     9.17    -0.31    -3.3%
     70..90      23911     7.63     7.41    -0.22    -2.9%
     90..115     23127     6.26     6.25    -0.01    -0.1%
    115..150     21618     6.38     6.31    -0.07    -1.1%
  rms relative error over the bins: 4.6%

  the same profile by along-curve band (relative error, |t| in degrees):
       s          0-22    22-40    40-54    54-66
   -300..-240     +0.9%    -1.3%    +0.1%    +2.7%
   -240..-190     +2.1%    +6.0%    +8.6%    +6.0%
   -190..-150     -0.5%    -1.1%    +5.7%    +1.5%
   -150..-115     -0.4%    -6.3%    +7.6%    +0.4%
   -115..-90      +2.3%    -5.2%    +2.2%    -0.4%
    -90..-70      +0.5%    -4.1%    -4.1%    -4.0%
    -70..-52      -0.1%    -5.7%    -9.0%    -8.1%
    -52..-38      -0.5%    -5.2%    -7.4%    -5.2%
    -38..-28          .    -1.4%    -2.5%    +0.9%
    -28..-20          .    -1.9%    +1.5%    +6.5%
    -20..-14          .    +3.7%    +9.3%   +13.9%
    -14..-9           .    +6.9%   +12.7%   +19.8%
      9..14           .   -10.1%   -16.2%    -3.0%
     14..20           .    -2.9%    -8.2%    +1.6%
     20..28           .    +5.0%    -7.6%    +2.9%
     28..38           .    +8.7%    -4.5%    +5.3%
     38..52           .    -4.7%    -4.2%    +4.8%
     52..70       -0.5%    -4.2%    -6.0%    +4.6%
     70..90           .    -2.0%    -6.4%    +7.3%
     90..115          .    +5.0%    -3.4%    -0.4%
    115..150          .    +1.5%    -2.5%        .
  rms relative error over the 71 cells: 6.0%

  interior corners, by distance inside the frame:
     d_frame  half       n      ref      rec      rel
     12..45   top       11469    13.72    13.94    +1.6%
     12..45   bottom    11754     8.34     8.36    +0.2%
     45..100  top       21230    12.26    12.01    -2.1%
     45..100  bottom    22364     6.80     6.49    -4.5%
    100..170  top       24252     9.80     9.54    -2.7%
    100..170  bottom    24710     6.87     6.41    -6.7%
  rms relative error over the corner cells: 3.6%

banding: coherent cross-curve structure inside the curves
  measured on the along-curve average, where the reference's grain
  falls to ~0.03 counts, so anything above that is real structure
  left curve  (287 s samples, 481 along-curve samples each)
    reference grain floor on this average: 0.0312 counts
    coherent profile error  rms  0.751  p2p  6.064 counts
    oscillatory part        rms  0.162  p2p  0.818 counts  = 5x the floor
      region        n     err_cnt   err%     osc_cnt   osc%
      ridge         26     2.180   4.02%     0.648   1.17%
      interior     260     0.359   3.55%     0.127   1.00%
         s       level_ref     err      err%      osc
       -40..-14       50.49   -1.726    -3.4%    0.494
       -70..-40       33.35   -0.045    -0.1%    0.259
      -110..-70       22.43   +0.023    +0.1%    0.214
      -160..-110      14.76   -0.248    -1.7%    0.087
      -220..-160      10.53   +0.282    +2.7%    0.106
      -300..-220       8.09   -0.226    -2.8%    0.104
    coherent band-pass amplitude, reference against render:
      sigma  3.0  ridge: ref 0.4950 rec 0.9163 =  1.85x | interior: ref 0.0456 rec 0.0312 =  0.68x
      sigma  6.0  ridge: ref 1.6146 rec 2.0678 =  1.28x | interior: ref 0.0840 rec 0.0660 =  0.79x
      sigma 12.0  ridge: ref 4.0602 rec 4.0355 =  0.99x | interior: ref 0.2596 rec 0.2249 =  0.87x
  right curve  (287 s samples, 481 along-curve samples each)
    reference grain floor on this average: 0.0322 counts
    coherent profile error  rms  0.506  p2p  3.371 counts
    oscillatory part        rms  0.130  p2p  0.748 counts  = 4x the floor
      region        n     err_cnt   err%     osc_cnt   osc%
      ridge         26     0.942   1.96%     0.304   0.58%
      interior     260     0.412   4.10%     0.117   1.14%
         s       level_ref     err      err%      osc
       -40..-14       50.77   +0.786    +1.5%    0.361
       -70..-40       33.56   +0.471    +1.4%    0.167
      -110..-70       22.45   +0.092    +0.4%    0.120
      -160..-110      14.80   -0.447    -3.0%    0.107
      -220..-160      10.42   +0.246    +2.4%    0.115
      -300..-220       7.51   +0.004    +0.0%    0.125
    coherent band-pass amplitude, reference against render:
      sigma  3.0  ridge: ref 0.5791 rec 0.7434 =  1.28x | interior: ref 0.0480 rec 0.0348 =  0.73x
      sigma  6.0  ridge: ref 1.7141 rec 1.8021 =  1.05x | interior: ref 0.0845 rec 0.0789 =  0.93x
      sigma 12.0  ridge: ref 4.0709 rec 3.9819 =  0.98x | interior: ref 0.2567 rec 0.2693 =  1.05x
  worst interior coherent error  4.10%   (shared-basis trade-off; see DECISIONS)
  worst ridge coherent error     4.02%   (glow basis resolution)
  worst coherent profile error   0.751 counts rms  (target: the 0.03 count floor)
  worst oscillatory part         0.162 counts rms  (this is the stripe)
  worst ridge-strip band-pass    1.85x at left/sigma3  (target 1.00x, two-sided)
     the open lobe beyond 40 px runs 0.03-0.7x: smoother than the reference

flare streak comb: thin-line amplitude above a 21-px median envelope
   dy             west far          west near          east near           east far
              ref      rec       ref      rec       ref      rec       ref      rec
  -12      -0.19      0.00     0.00      0.00     0.00      0.00    -0.06      0.00
  -11       0.17     -0.00     0.00      0.00     0.00      0.00     0.00      0.00
  -10      -0.05      0.00     0.00      0.00     0.00      0.00     0.00      0.00
   -9      -0.12      0.00     0.00      0.00     0.00      0.00     0.00      0.00
   -8       0.00      0.00     0.00      0.00     0.00      0.00     0.00      0.00
   -7       0.00      0.00     0.00      0.00     0.00      0.00     0.00      0.00
   -6       0.00      0.00     0.00      0.00     2.22      0.00     0.00      0.00
   -5       0.00      0.00     0.00      0.00     3.00      0.00     0.04      0.00
   -4       1.24      0.46     0.00      0.00     2.45      0.00     0.19      0.00
   -3       3.26      2.94     2.01      0.00     7.38      0.00     0.66      0.00
   -2       4.77      7.25    18.29     10.93    13.69      0.00     0.94      0.09
   -1       8.45     11.98    32.21     21.83    14.87      4.53     2.32      0.50
   +0       7.54     14.30    33.54     27.40     8.33      6.77     2.07      0.54 <
   +1       6.07     14.85    26.45     28.73     4.01      7.29     1.73      0.54
   +2       4.29     13.93    17.07     26.60     0.00      6.44     1.26      0.55
   +3       2.66     11.17     9.05     20.45    -2.97      4.34     0.72      0.50
   +4       1.33      5.97     3.92     10.35    -3.01      2.31     0.12      0.13
   +5       0.44      2.16     1.61      7.96     1.67      6.37     0.00      0.03
   +6      -0.46      0.00     2.61      5.99    12.48      7.08     0.00      0.00
   +7      -1.10     -0.14     0.00      3.43    14.59      5.35    -0.18     -0.00 <
   +8      -1.63     -0.20     0.00      0.00     0.41      0.34    -0.49      0.00
   +9      -2.16     -0.22     0.00      0.00    -0.57      0.00    -0.56      0.00
  +10      -2.43     -0.22     0.00      0.00     0.57      0.00    -0.32     -0.01
  +11      -1.73     -0.23     0.00      0.00     0.00      0.00    -0.15     -0.02
  +12      -1.14     -0.11     0.00      0.00    -0.37      0.00    -0.36     -0.03
  +13      -0.56     -0.08     0.00      0.00     0.37      0.00    -0.24     -0.03
  +14       0.00     -0.08     0.00      0.00    -0.17      0.00    -0.19     -0.03
  +15       0.60     -0.06     0.00      0.00    -0.75      0.00    -0.32     -0.03
  +16       1.12     -0.07     0.00      0.00    -0.27      0.00     0.32     -0.03
  +17       1.89      0.23     0.00      0.00     0.37      0.00     1.19      0.31
  +18       2.91      0.47     0.00      0.00     0.67      0.00     1.97      0.58
  +19       2.73      0.62     0.00      0.00     0.15      0.00     2.28      0.73 <
  +20       2.04      0.60     0.00      0.00     0.00      0.00     1.80      0.69
  +21       1.12      0.48     0.00      0.00     0.00      0.00     0.90      0.51
  +22       0.54      0.10     0.00      0.00     0.00      0.00     0.34      0.10
  +23       0.00      0.00     0.00      0.00     0.00      0.00     0.00      0.00
  +24       0.00      0.00     0.00      0.00     0.00      0.00     0.00      0.00
  +25       0.00      0.00     0.00      0.00     0.00      0.00    -0.14      0.00
  +26      -0.10      0.00     0.00      0.00     0.00      0.00    -0.27      0.00
  rms error on the comb's own rows (dy 0, +7, +19): 3.99 code values

flare spokes: thin-component mean by 3-degree sector, r 28-110, arcs masked
  the reference's clean maxima are the spokes; median background -0.32
    deg     ref     rec   diff
      0    5.99    1.01  -4.97  #####################################
      3    0.58   -1.12  -1.70  #####
     42    0.98   -0.17  -1.15  #######
     45    0.34   -0.20  -0.54  ###
     54    0.40   -0.13  -0.52  ####
     90    2.45    2.06  -0.39  ################
     93    0.33    0.12  -0.22  ###
    108    1.26    1.51  +0.25  #########
    111    1.71    4.11  +2.40  ############
    114    1.11    0.95  -0.15  ########
    177   11.29    3.78  -7.51  #####################################################################
    180    9.50   15.22  +5.72  ##########################################################
    189    0.91    0.04  -0.87  #######
    222    1.03   -2.57  -3.59  ########
    225    0.84   -0.62  -1.46  ######
    228    0.75    4.05  +3.30  ######
    246    1.13    3.22  +2.09  ########
    249    1.60    4.14  +2.55  ###########
    264    1.86    4.53  +2.68  #############
    267    1.43   -0.15  -1.58  ##########
    327    3.49    1.35  -2.13  ######################
    330    1.61   -0.95  -2.56  ###########
    348    0.66    0.36  -0.31  #####
    351    1.07    1.24  +0.18  ########
    354    0.30    2.07  +1.76  ###
  rms error over the reference's own spoke sectors: 2.73 code values

wrote crops to /home/user/icon-vector-reconstruction/out (reference | render | signed difference x6)
wrote out/diagnostics.json
wrote previews to /home/user/icon-vector-reconstruction/out
# Validation report

Fidelity of `reconstruction.svg` against `reference.png`, plus
cross-engine and cross-resolution behaviour.

| engine | render size | comparison | MAE | RMSE | max | MAE(gamma) | SSIM | %px>8 |
|---|---|---|---|---|---|---|---|---|
| resvg | 256 | reference downsampled to 256 | 1.818 | 3.278 | 65 | 5.790 | 0.9795 | 5.64 |
| resvg | 512 | reference downsampled to 512 | 1.905 | 3.711 | 84 | 5.990 | 0.9760 | 5.67 |
| resvg | 1024 | native | 1.979 | 4.092 | 112 | 6.210 | 0.9724 | 5.40 |
| resvg | 2048 | downsampled 2048->1024 | 1.972 | 4.063 | 104 | 6.195 | 0.9727 | 5.56 |
| resvg | 4096 | downsampled 4096->1024 | 1.974 | 4.033 | 99 | 6.197 | 0.9728 | 5.68 |
| chromium | 1024 | native | 3.124 | 4.882 | 131 | 9.393 | 0.9454 | 8.17 |

## Cross-engine agreement at 1024 (resvg vs Chromium)

| MAE | RMSE | max | SSIM |
|---|---|---|---|
| 2.629 | 3.129 | 39 | 0.95546 |

README.md updated
PASS flare-dependent layers are discovered from the builder  -- found ['flare_halo_far', 'flare_halo', 'flare_streak', 'flare_spike', 'flare_sat2', 'flare_fan', 'flare_ray_a', 'flare_ray_b', 'flare_ray_c', 'flare_ray_d', 'flare_ray_e', 'flare_ray_up', 'flare_ray_dn', 'flare_ray_dl']
PASS flare/cx declares every dependent layer  -- declared ['flare_fan', 'flare_halo', 'flare_halo_far', 'flare_ray_a', 'flare_ray_b', 'flare_ray_c', 'flare_ray_d', 'flare_ray_dl', 'flare_ray_dn', 'flare_ray_e', 'flare_ray_up', 'flare_sat2', 'flare_spike', 'flare_streak']
PASS moving flare/cx by 6 px moves every dependent layer  -- moved: flare_halo_far(dx=+6.00), flare_halo(dx=+6.00), flare_streak(dx=+6.00), flare_spike(dx=+6.00), flare_sat2(dx=+6.00), flare_fan(dx=+6.00), flare_ray_a(dx=+6.00), flare_ray_b(dx=+6.00), flare_ray_c(dx=+6.00), flare_ray_d(dx=+6.00), flare_ray_e(dx=+6.00), flare_ray_up(dx=+6.00), flare_ray_dn(dx=+6.00), flare_ray_dl(dx=+6.00)
PASS content-addressed cache re-renders without an explicit invalidate  -- max delta 0.2078
PASS every search interval contains the current value  -- out of range: []
PASS radial gradient centres stored under paint/ are optimisable  -- missing: []
PASS anisotropic blur components are optimisable  -- artwork missing [] (0 list-valued layers); probe missing []; per-component intervals kept
PASS the regression check scores the same objective fit() minimises  -- check 363.55243 vs fit 363.55243
PASS the fitting weight equalises the profile cells and lifts the flare  -- 222 cells {'comb': 60, 'sector': 90, 'profile': 66, 'corner': 6} (84163 px in the outermost along-curve band), cost of a 1% error spread 4.57x (was 51.23x un-emphasised), region lift 1.24x, interior corners 100% covered, flare 1.66x
PASS the analytic gradient matches the objective, clipped colours included  -- worst relative error 0.0000 at arc_glow1/blue
PASS every layer the docs name exists in params.json  -- 13 named, unknown: none
PASS the deliverable's layer count and size are generated, not prose  -- markers present: True; states 34 layers, params.json has 34
PASS objective composite matches the rebuilt SVG render  -- MAE 0.5635 code values
PASS the lobe banding stays within the reference-calibrated target  -- coherent band-pass 1.85x of the reference (max 2.00, two-sided); profile error interior 4.10% (max 5.00), ridge 4.02% (max 5.00)

all checks passed
CHAIN3 DONE
